Microchip MPLAB XC8 Compiler V2.36

Linker command line:

-W-3 --edf=C:\Program Files\Microchip\xc8\v2.36\pic\dat\en_msgs.txt -cn \
  -h+dist/default/production\Record_203.production.sym \
  --cmf=dist/default/production\Record_203.production.cmf -z -Q18F4620 \
  -oC:\Users\mohmm\AppData\Local\Temp\xcAs520.4 --defsym=__MPLAB_BUILD=1 \
  -Mdist/default/production/Record_203.production.map \
  --md=C:\Users\mohmm\AppData\Local\Temp\xcAs520.dat -E1 -ver=XC8 Compiler \
  --acfsm=1493 -ACODE=00h-0FFFFh -ACONST=00h-0FFFFh \
  -ASMALLCONST=01000h-010FFhx240 -AMEDIUMCONST=01000h-0FFFFh \
  -ACOMRAM=01h-07Fh -AABS1=00h-0F7Fh -ABIGRAM=01h-0F7Fh \
  -ARAM=080h-0FFh,0100h-01FFhx14,0F00h-0F7Fh -ABANK0=080h-0FFh \
  -ABANK1=0100h-01FFh -ABANK2=0200h-02FFh -ABANK3=0300h-03FFh \
  -ABANK4=0400h-04FFh -ABANK5=0500h-05FFh -ABANK6=0600h-06FFh \
  -ABANK7=0700h-07FFh -ABANK8=0800h-08FFh -ABANK9=0900h-09FFh \
  -ABANK10=0A00h-0AFFh -ABANK11=0B00h-0BFFh -ABANK12=0C00h-0CFFh \
  -ABANK13=0D00h-0DFFh -ABANK14=0E00h-0EFFh -ABANK15=0F00h-0F7Fh \
  -ASFR=0F80h-0FFFh -ABIGSFR=0F80h-0FFFh -ACONFIG=0300000h-030000Dh \
  -AIDLOC=0200000h-0200007h -AEEDATA=0F00000h-0F003FFh -peeprom_data=EEDATA \
  -preset_vec=00h,intcode=08h,intcodelo,powerup,init -pramtop=01000h \
  -psmallconst=SMALLCONST -pmediumconst=MEDIUMCONST -pconst=CONST \
  -AFARRAM=00h-00h \
  -prdata=COMRAM,nvrram=COMRAM,nvbit=COMRAM,rbss=COMRAM,rbit=COMRAM \
  -pfarbss=FARRAM,fardata=FARRAM,nvFARRAM=FARRAM \
  -pintsave_regs=BIGRAM,bigbss=BIGRAM,bigdata=BIGRAM -pbss=RAM \
  -pidata=CODE,irdata=CODE,ibigdata=CODE,ifardata=CODE -prparam=COMRAM \
  C:\Users\mohmm\AppData\Local\Temp\xcAs520.o \
  dist/default/production\Record_203.production.o 

Object code version is 3.11

Machine type is 18F4620



                Name                               Link     Load   Length Selector   Space Scale
C:\Users\mohmm\AppData\Local\Temp\xcAs520.o
                idloc                            200000   200000        8        0       5
                config                           300000   300000        E        0       4
                init                                  E        E        4        4       0
                reset_vec                             0        0        4        0       0
dist/default/production\Record_203.production.o
                intcode                               8        8        6        4       0
                idloc                            200000   200000        8        0       5
                config                           300000   300000        E        0       4
                temp                                 72       72        1        1       1
                smallconst                         1000     1000       16      800       0
                text42                             2FFE     2FFE        4     1755       0
                text41                             2FFA     2FFA        4     1755       0
                text40                             2FF6     2FF6        4     1755       0
                text39                             3004     3004        2     1755       0
                text38                             2E34     2E34       40      80B       0
                text37                             2F08     2F08       24     1755       0
                text36                             2EDA     2EDA       2E     1755       0
                text35                             2FF2     2FF2        4     1755       0
                text34                             2FEE     2FEE        4     1755       0
                text33                             2FEA     2FEA        4     1755       0
                text32                             2FE6     2FE6        4     1755       0
                text31                             2FE2     2FE2        4     1755       0
                text30                             3002     3002        2     1755       0
                text29                             2F7A     2F7A       1A     1755       0
                text28                             2F60     2F60       1A     1755       0
                text27                             2F46     2F46       1A     1755       0
                text26                             2F2C     2F2C       1A     1755       0
                text25                             2FCE     2FCE        C     1755       0
                text24                             2FC2     2FC2        C     1755       0
                text23                             2FDA     2FDA        8     1755       0
                text22                             2FB6     2FB6        C     1755       0
                intcode_body                       19B6     19B6      426      80B       0
                text20                             2920     2920       C4      80B       0
                text19                             2A98     2A98       B0      80B       0
                text18                             2DEE     2DEE       46      80B       0
                text17                             2612     2612      12C      80B       0
                text16                             2B48     2B48       94      80B       0
                text15                             232A     232A      1A4      80B       0
                text14                             2D5E     2D5E       4A      80B       0
                text13                             2844     2844       DC      80B       0
                text12                             29E4     29E4       B4      80B       0
                text11                             14F6     14F6      4C0      80B       0
                text10                             1DDC     1DDC      39A      80B       0
                text9                              273E     273E      106      80B       0
                text8                              2176     2176      1B4      80B       0
                text7                              1016     1016      4E0      80B       0
                text6                              2D0C     2D0C       52      80B       0
                text5                              2DA8     2DA8       46      80B       0
                text4                              24CE     24CE      144      80B       0
                text3                              2BDC     2BDC       6C      80B       0
                text2                              2CAA     2CAA       62      80B       0
                text1                              2EAA     2EAA       30     1755       0
                text0                              2F94     2F94       14     1755       0
                cstackCOMRAM                          1        1       46        1       1
                cstackBANK0                          E1       E1        D       80       1
                dataBANK0                            80       80       35       80       1
                bssBANK0                             B5       B5       2C       80       1
                dataCOMRAM                           64       64        E        1       1
                bssCOMRAM                            47       47       1D        1       1
                cinit                              2C48     2C48       62      80B       0
                nvBANK0                              EE       EE        1       80       1
                idataBANK0                         2E74     2E74       35      80B       0
                idataCOMRAM                        2FA8     2FA8        E     1755       0

TOTAL           Name                               Link     Load   Length     Space
        CLASS   CODE           
                intcode                               8        8        6         0
                init                                  E        E        4         0
                reset_vec                             0        0        4         0
                text42                             2FFE     2FFE        4         0
                text41                             2FFA     2FFA        4         0
                text40                             2FF6     2FF6        4         0
                text39                             3004     3004        2         0
                text38                             2E34     2E34       40         0
                text37                             2F08     2F08       24         0
                text36                             2EDA     2EDA       2E         0
                text35                             2FF2     2FF2        4         0
                text34                             2FEE     2FEE        4         0
                text33                             2FEA     2FEA        4         0
                text32                             2FE6     2FE6        4         0
                text31                             2FE2     2FE2        4         0
                text30                             3002     3002        2         0
                text29                             2F7A     2F7A       1A         0
                text28                             2F60     2F60       1A         0
                text27                             2F46     2F46       1A         0
                text26                             2F2C     2F2C       1A         0
                text25                             2FCE     2FCE        C         0
                text24                             2FC2     2FC2        C         0
                text23                             2FDA     2FDA        8         0
                text22                             2FB6     2FB6        C         0
                intcode_body                       19B6     19B6      426         0
                text20                             2920     2920       C4         0
                text19                             2A98     2A98       B0         0
                text18                             2DEE     2DEE       46         0
                text17                             2612     2612      12C         0
                text16                             2B48     2B48       94         0
                text15                             232A     232A      1A4         0
                text14                             2D5E     2D5E       4A         0
                text13                             2844     2844       DC         0
                text12                             29E4     29E4       B4         0
                text11                             14F6     14F6      4C0         0
                text10                             1DDC     1DDC      39A         0
                text9                              273E     273E      106         0
                text8                              2176     2176      1B4         0
                text7                              1016     1016      4E0         0
                text6                              2D0C     2D0C       52         0
                text5                              2DA8     2DA8       46         0
                text4                              24CE     24CE      144         0
                text3                              2BDC     2BDC       6C         0
                text2                              2CAA     2CAA       62         0
                text1                              2EAA     2EAA       30         0
                text0                              2F94     2F94       14         0
                cinit                              2C48     2C48       62         0
                idataBANK0                         2E74     2E74       35         0
                idataCOMRAM                        2FA8     2FA8        E         0

        CLASS   CONST          

        CLASS   SMALLCONST     
                smallconst                         1000     1000       16         0

        CLASS   MEDIUMCONST    

        CLASS   COMRAM         
                temp                                 72       72        1         1
                cstackCOMRAM                          1        1       46         1
                dataCOMRAM                           64       64        E         1
                bssCOMRAM                            47       47       1D         1

        CLASS   ABS1           

        CLASS   BIGRAM         

        CLASS   RAM            

        CLASS   BANK0          
                cstackBANK0                          E1       E1        D         1
                dataBANK0                            80       80       35         1
                bssBANK0                             B5       B5       2C         1
                nvBANK0                              EE       EE        1         1

        CLASS   BANK1          

        CLASS   BANK2          

        CLASS   BANK3          

        CLASS   BANK4          

        CLASS   BANK5          

        CLASS   BANK6          

        CLASS   BANK7          

        CLASS   BANK8          

        CLASS   BANK9          

        CLASS   BANK10         

        CLASS   BANK11         

        CLASS   BANK12         

        CLASS   BANK13         

        CLASS   BANK14         

        CLASS   BANK15         

        CLASS   SFR            

        CLASS   BIGSFR         

        CLASS   CONFIG         
                config                           300000   300000        E         4

        CLASS   IDLOC          
                idloc                            200000   200000        8         5

        CLASS   EEDATA         

        CLASS   FARRAM         

        CLASS   HEAP           

        CLASS   STACK          



SEGMENTS        Name                           Load    Length   Top    Selector   Space  Class

                reset_vec                      000000  000004  000004         0       0  CODE    
                cstackCOMRAM                   000001  000072  000073         1       1  COMRAM  
                intcode                        000008  00000A  000012         4       0  CODE    
                dataBANK0                      000080  00006F  0000EF        80       1  BANK0   
                smallconst                     001000  000016  001016       800       0  SMALLCON
                text7                          001016  001E93  002EA9       80B       0  CODE    
                text1                          002EAA  00015C  003006      1755       0  CODE    


UNUSED ADDRESS RANGES

        Name                Unused          Largest block    Delta
        BANK0            0000EF-0000FF               11
        BANK1            000100-0001FF              100
        BANK10           000A00-000AFF              100
        BANK11           000B00-000BFF              100
        BANK12           000C00-000CFF              100
        BANK13           000D00-000DFF              100
        BANK14           000E00-000EFF              100
        BANK15           000F00-000F7F               80
        BANK2            000200-0002FF              100
        BANK3            000300-0003FF              100
        BANK4            000400-0004FF              100
        BANK5            000500-0005FF              100
        BANK6            000600-0006FF              100
        BANK7            000700-0007FF              100
        BANK8            000800-0008FF              100
        BANK9            000900-0009FF              100
        BIGRAM           000073-00007F                D
                         0000EF-000F7F              E91
        BIGSFR           000F80-000FFF               80
        CODE             000004-000007                4
                         000012-000FFF              FEE
                         002EA9-002EA9                1
                         003006-00FFFF             CFFA
        COMRAM           000073-00007F                D
        CONST            000004-000007                4
                         000012-000FFF              FEE
                         002EA9-002EA9                1
                         003006-00FFFF             CFFA
        EEDATA           F00000-F003FF              400
        MEDIUMCONST      002EA9-002EA9                1
                         003006-00FFFF             CFFA
        RAM              0000EF-000F7F              100
        SFR              000F80-000FFF               80
        SMALLCONST       002EA9-002EA9                1
                         003006-00FFFF              100

                                  Symbol Table

?___awdiv                                          cstackCOMRAM 00000E
?___awmod                                          cstackCOMRAM 00000E
?___fladd                                          cstackCOMRAM 000035
?___fldiv                                          cstackCOMRAM 00001C
?___fltol                                          cstackCOMRAM 00000E
?___xxtofl                                         cstackCOMRAM 00000E
EUSART_ASYNC_Init@_eusart                          cstackBANK0  0000EB
EUSART_ASYNC_Init@ret                              cstackBANK0  0000ED
EUSART_ASYNC_RX_Init@_eusart                       cstackCOMRAM 00000E
EUSART_ASYNC_TX_Init@_eusart                       cstackCOMRAM 00000E
EUSART_Baud_Rate_Calculation@Baud_Rate_Temp        cstackBANK0  0000E3
EUSART_Baud_Rate_Calculation@_eusart               cstackCOMRAM 000045
MSSP_SPI_Msster_Mode_GPIO_PIN_Configurations@F3055 dataCOMRAM   00006D
MSSP_SPI_Msster_Mode_GPIO_PIN_Configurations@F3057 dataCOMRAM   00006C
MSSP_SPI_Msster_Mode_GPIO_PIN_Configurations@F3059 dataCOMRAM   00006B
MSSP_SPI_Slave_Mode_GPIO_PIN_Configurations@F3064  dataCOMRAM   00006A
MSSP_SPI_Slave_Mode_GPIO_PIN_Configurations@F3066  dataCOMRAM   000069
MSSP_SPI_Slave_Mode_GPIO_PIN_Configurations@F3068  dataCOMRAM   000068
MSSP_SPI_Slave_Mode_GPIO_PIN_Configurations@F3070  dataCOMRAM   000067
RB4_ISR@RB4_Source                                 cstackCOMRAM 000001
RB5_ISR@RB5_Source                                 cstackCOMRAM 000001
RB6_ISR@RB6_Source                                 cstackCOMRAM 000001
RB7_ISR@RB7_Source                                 cstackCOMRAM 000001
USART_Read_string@buffer                           cstackCOMRAM 000001
USART_Read_string@data                             cstackCOMRAM 000004
USART_Read_string@i                                cstackCOMRAM 000005
USART_Read_string@len                              cstackCOMRAM 000003
_ADCON0bits                                        (abs)        000FC2
_ADCON1bits                                        (abs)        000FC1
_ADCON2bits                                        (abs)        000FC0
_ADC_ISR                                           text42       002FFE
_ADC_InterruptHandler                              bssCOMRAM    000057
_ADRESH                                            (abs)        000FC4
_ADRESL                                            (abs)        000FC3
_BAUDCONbits                                       (abs)        000FB8
_CCP1CONbits                                       (abs)        000FBD
_CCP1_ISR                                          text41       002FFA
_CCP1_InterruptHandler                             bssCOMRAM    000055
_CCP2CONbits                                       (abs)        000FBA
_CCP2_ISR                                          text40       002FF6
_CCP2_InterruptHandler                             bssCOMRAM    000053
_CCPR1L                                            (abs)        000FBE
_CCPR2L                                            (abs)        000FBB
_EEADR                                             (abs)        000FA9
_EEADRH                                            (abs)        000FAA
_EECON1bits                                        (abs)        000FA6
_EECON2                                            (abs)        000FA7
_EEDATA                                            (abs)        000FA8
_EUSART_ASYNC_Init                                 text6        002D0C
_EUSART_ASYNC_RX_Init                              text13       002844
_EUSART_ASYNC_TX_Init                              text12       0029E4
_EUSART_Baud_Rate_Calculation                      text7        001016
_EUSART_Baud_Rate_Calculation$5451                 cstackBANK0  0000E7
_EUSART_FramingErrorHandler                        bssBANK0     0000BD
_EUSART_OverrunErrorHandler                        bssBANK0     0000BB
_EUSART_RX_ISR                                     text39       003004
_EUSART_RxInterruptHandler                         bssBANK0     0000BF
_EUSART_TX_ISR                                     text36       002EDA
_EUSART_TxInterruptHandler                         bssCOMRAM    000047
_I2C_DefaultInterruptHandle                        bssCOMRAM    00004F
_I2C_Report_Receive_Overflow_InterruptHandle       bssBANK0     0000DF
_I2C_Report_Write_Collision_InterruptHandler       bssCOMRAM    000051
_INT0_ISR                                          text35       002FF2
_INT0_InterruptHandler                             bssBANK0     0000DD
_INT1_ISR                                          text34       002FEE
_INT1_InterruptHandler                             bssBANK0     0000DB
_INT2_ISR                                          text33       002FEA
_INT2_InterruptHandler                             bssBANK0     0000D9
_INTCON2bits                                       (abs)        000FF1
_INTCON3bits                                       (abs)        000FF0
_INTCONbits                                        (abs)        000FF2
_InterruptManager                                  intcode      000008
_LATA                                              (abs)        000F89
_LATB                                              (abs)        000F8A
_LATC                                              (abs)        000F8B
_LATD                                              (abs)        000F8C
_LATE                                              (abs)        000F8D
_MSSP_I2C_BC_ISR                                   text32       002FE6
_MSSP_I2C_ISR                                      text31       002FE2
_MSSP_SPI_ISR                                      text30       003002
_PIE1bits                                          (abs)        000F9D
_PIE2bits                                          (abs)        000FA0
_PIR1bits                                          (abs)        000F9E
_PIR2bits                                          (abs)        000FA1
_PORTA                                             (abs)        000F80
_PORTB                                             (abs)        000F81
_PORTBbits                                         (abs)        000F81
_PORTC                                             (abs)        000F82
_PORTD                                             (abs)        000F83
_PORTE                                             (abs)        000F84
_PR2                                               (abs)        000FCB
_RB4_Flag                                          dataCOMRAM   000071
_RB4_ISR                                           text29       002F7A
_RB4_InterruptHandler_HIGH                         bssBANK0     0000D7
_RB4_InterruptHandler_LOW                          bssBANK0     0000D5
_RB5_Flag                                          dataCOMRAM   000070
_RB5_ISR                                           text28       002F60
_RB5_InterruptHandler_HIGH                         bssBANK0     0000D3
_RB5_InterruptHandler_LOW                          bssBANK0     0000D1
_RB6_Flag                                          dataCOMRAM   00006F
_RB6_ISR                                           text27       002F46
_RB6_InterruptHandler_HIGH                         bssBANK0     0000CF
_RB6_InterruptHandler_LOW                          bssBANK0     0000CD
_RB7_Flag                                          dataCOMRAM   00006E
_RB7_ISR                                           text26       002F2C
_RB7_InterruptHandler_HIGH                         bssBANK0     0000CB
_RB7_InterruptHandler_LOW                          bssBANK0     0000C9
_RCREG                                             (abs)        000FAE
_RCSTAbits                                         (abs)        000FAB
_SPBRG                                             (abs)        000FAF
_SPBRGH                                            (abs)        000FB0
_SSPADD                                            (abs)        000FC8
_SSPBUF                                            (abs)        000FC9
_SSPCON1bits                                       (abs)        000FC6
_SSPCON2bits                                       (abs)        000FC5
_SSPSTATbits                                       (abs)        000FC7
_SegmentsUpdate                                    text15       00232A
_T0CONbits                                         (abs)        000FD5
_T1CONbits                                         (abs)        000FCD
_T2CONbits                                         (abs)        000FCA
_T3CONbits                                         (abs)        000FB1
_TMR0H                                             (abs)        000FD7
_TMR0L                                             (abs)        000FD6
_TMR0_ISR                                          text25       002FCE
_TMR0_InterruptHandler                             bssBANK0     0000C7
_TMR1H                                             (abs)        000FCF
_TMR1L                                             (abs)        000FCE
_TMR1_ISR                                          text24       002FC2
_TMR1_InterruptHandler                             bssBANK0     0000C5
_TMR2                                              (abs)        000FCC
_TMR2_ISR                                          text23       002FDA
_TMR2_InterruptHandler                             bssBANK0     0000C3
_TMR3H                                             (abs)        000FB3
_TMR3L                                             (abs)        000FB2
_TMR3_ISR                                          text22       002FB6
_TMR3_InterruptHandler                             bssBANK0     0000C1
_TRISA                                             (abs)        000F92
_TRISB                                             (abs)        000F93
_TRISC                                             (abs)        000F94
_TRISCbits                                         (abs)        000F94
_TRISD                                             (abs)        000F95
_TRISE                                             (abs)        000F96
_TXREG                                             (abs)        000FAD
_TXSTAbits                                         (abs)        000FAC
_TimesUpdate                                       text14       002D5E
_USART_Read_string                                 text38       002E34
__HRAM                                             (abs)        000000
__Habs1                                            abs1         000000
__Hbank0                                           bank0        000000
__Hbank1                                           bank1        000000
__Hbank10                                          bank10       000000
__Hbank11                                          bank11       000000
__Hbank12                                          bank12       000000
__Hbank13                                          bank13       000000
__Hbank14                                          bank14       000000
__Hbank15                                          bank15       000000
__Hbank2                                           bank2        000000
__Hbank3                                           bank3        000000
__Hbank4                                           bank4        000000
__Hbank5                                           bank5        000000
__Hbank6                                           bank6        000000
__Hbank7                                           bank7        000000
__Hbank8                                           bank8        000000
__Hbank9                                           bank9        000000
__Hbigbss                                          bigbss       000000
__Hbigdata                                         bigdata      000000
__Hbigram                                          bigram       000000
__Hbigsfr                                          bigsfr       000000
__Hbss                                             bss          000000
__HbssBANK0                                        bssBANK0     000000
__HbssCOMRAM                                       bssCOMRAM    000000
__Hcinit                                           cinit        000000
__Hclrtext                                         clrtext      000000
__Hcomram                                          comram       000000
__Hconfig                                          config       30000E
__Hconst                                           const        000000
__HcstackBANK0                                     cstackBANK0  000000
__HcstackCOMRAM                                    cstackCOMRAM 000000
__Hdata                                            data         000000
__HdataBANK0                                       dataBANK0    000000
__HdataCOMRAM                                      dataCOMRAM   000000
__Heeprom_data                                     eeprom_data  000000
__Hfarbss                                          farbss       000000
__Hfardata                                         fardata      000000
__Hheap                                            heap         000000
__Hibigdata                                        ibigdata     000000
__Hidata                                           idata        000000
__HidataBANK0                                      idataBANK0   000000
__HidataCOMRAM                                     idataCOMRAM  000000
__Hidloc                                           idloc        200008
__Hifardata                                        ifardata     000000
__Hinit                                            init         000012
__Hintcode                                         intcode      00000E
__Hintcode_body                                    intcode_body 000000
__Hintcodelo                                       intcodelo    00000E
__Hintentry                                        intentry     000000
__Hintret                                          intret       000000
__Hintsave_regs                                    intsave_regs 000000
__Hirdata                                          irdata       000000
__Hmediumconst                                     mediumconst  000000
__HnvBANK0                                         nvBANK0      000000
__HnvFARRAM                                        nvFARRAM     000000
__Hnvbit                                           nvbit        000000
__Hnvrram                                          nvrram       000000
__Hparam                                           rparam       000000
__Hpowerup                                         powerup      00000E
__Hram                                             ram          000000
__Hramtop                                          ramtop       001000
__Hrbit                                            rbit         000000
__Hrbss                                            rbss         000000
__Hrdata                                           rdata        000000
__Hreset_vec                                       reset_vec    000004
__Hrparam                                          rparam       000000
__Hsfr                                             sfr          000000
__Hsmallconst                                      smallconst   001016
__Hspace_0                                         (abs)        003006
__Hspace_1                                         (abs)        0000EF
__Hspace_2                                         (abs)        000000
__Hspace_4                                         (abs)        60000E
__Hstack                                           stack        000000
__Hstruct                                          struct       000000
__Htemp                                            temp         000073
__Htext                                            text         000000
__Htext0                                           text0        000000
__Htext1                                           text1        000000
__Htext10                                          text10       000000
__Htext11                                          text11       000000
__Htext12                                          text12       000000
__Htext13                                          text13       000000
__Htext14                                          text14       000000
__Htext15                                          text15       000000
__Htext16                                          text16       000000
__Htext17                                          text17       000000
__Htext18                                          text18       000000
__Htext19                                          text19       000000
__Htext2                                           text2        000000
__Htext20                                          text20       000000
__Htext22                                          text22       000000
__Htext23                                          text23       000000
__Htext24                                          text24       000000
__Htext25                                          text25       000000
__Htext26                                          text26       000000
__Htext27                                          text27       000000
__Htext28                                          text28       000000
__Htext29                                          text29       000000
__Htext3                                           text3        000000
__Htext30                                          text30       000000
__Htext31                                          text31       000000
__Htext32                                          text32       000000
__Htext33                                          text33       000000
__Htext34                                          text34       000000
__Htext35                                          text35       000000
__Htext36                                          text36       000000
__Htext37                                          text37       000000
__Htext38                                          text38       000000
__Htext39                                          text39       000000
__Htext4                                           text4        000000
__Htext40                                          text40       000000
__Htext41                                          text41       000000
__Htext42                                          text42       000000
__Htext43                                          text43       000000
__Htext5                                           text5        000000
__Htext6                                           text6        000000
__Htext7                                           text7        000000
__Htext8                                           text8        000000
__Htext9                                           text9        000000
__LRAM                                             (abs)        000001
__Labs1                                            abs1         000000
__Lbank0                                           bank0        000000
__Lbank1                                           bank1        000000
__Lbank10                                          bank10       000000
__Lbank11                                          bank11       000000
__Lbank12                                          bank12       000000
__Lbank13                                          bank13       000000
__Lbank14                                          bank14       000000
__Lbank15                                          bank15       000000
__Lbank2                                           bank2        000000
__Lbank3                                           bank3        000000
__Lbank4                                           bank4        000000
__Lbank5                                           bank5        000000
__Lbank6                                           bank6        000000
__Lbank7                                           bank7        000000
__Lbank8                                           bank8        000000
__Lbank9                                           bank9        000000
__Lbigbss                                          bigbss       000000
__Lbigdata                                         bigdata      000000
__Lbigram                                          bigram       000000
__Lbigsfr                                          bigsfr       000000
__Lbss                                             bss          000000
__LbssBANK0                                        bssBANK0     000000
__LbssCOMRAM                                       bssCOMRAM    000000
__Lcinit                                           cinit        000000
__Lclrtext                                         clrtext      000000
__Lcomram                                          comram       000000
__Lconfig                                          config       000000
__Lconst                                           const        000000
__LcstackBANK0                                     cstackBANK0  000000
__LcstackCOMRAM                                    cstackCOMRAM 000000
__Ldata                                            data         000000
__LdataBANK0                                       dataBANK0    000000
__LdataCOMRAM                                      dataCOMRAM   000000
__Leeprom_data                                     eeprom_data  000000
__Lfarbss                                          farbss       000000
__Lfardata                                         fardata      000000
__Lheap                                            heap         000000
__Libigdata                                        ibigdata     000000
__Lidata                                           idata        000000
__LidataBANK0                                      idataBANK0   000000
__LidataCOMRAM                                     idataCOMRAM  000000
__Lidloc                                           idloc        000000
__Lifardata                                        ifardata     000000
__Linit                                            init         00000E
__Lintcode                                         intcode      000008
__Lintcode_body                                    intcode_body 000000
__Lintcodelo                                       intcodelo    00000E
__Lintentry                                        intentry     000000
__Lintret                                          intret       000000
__Lintsave_regs                                    intsave_regs 000000
__Lirdata                                          irdata       000000
__Lmediumconst                                     mediumconst  000000
__LnvBANK0                                         nvBANK0      000000
__LnvFARRAM                                        nvFARRAM     000000
__Lnvbit                                           nvbit        000000
__Lnvrram                                          nvrram       000000
__Lparam                                           rparam       000000
__Lpowerup                                         powerup      00000E
__Lram                                             ram          000000
__Lramtop                                          ramtop       001000
__Lrbit                                            rbit         000000
__Lrbss                                            rbss         000000
__Lrdata                                           rdata        000000
__Lreset_vec                                       reset_vec    000000
__Lrparam                                          rparam       000000
__Lsfr                                             sfr          000000
__Lsmallconst                                      smallconst   001000
__Lspace_0                                         (abs)        000000
__Lspace_1                                         (abs)        000000
__Lspace_2                                         (abs)        000000
__Lspace_4                                         (abs)        000000
__Lstack                                           stack        000000
__Lstruct                                          struct       000000
__Ltemp                                            temp         000072
__Ltext                                            text         000000
__Ltext0                                           text0        000000
__Ltext1                                           text1        000000
__Ltext10                                          text10       000000
__Ltext11                                          text11       000000
__Ltext12                                          text12       000000
__Ltext13                                          text13       000000
__Ltext14                                          text14       000000
__Ltext15                                          text15       000000
__Ltext16                                          text16       000000
__Ltext17                                          text17       000000
__Ltext18                                          text18       000000
__Ltext19                                          text19       000000
__Ltext2                                           text2        000000
__Ltext20                                          text20       000000
__Ltext22                                          text22       000000
__Ltext23                                          text23       000000
__Ltext24                                          text24       000000
__Ltext25                                          text25       000000
__Ltext26                                          text26       000000
__Ltext27                                          text27       000000
__Ltext28                                          text28       000000
__Ltext29                                          text29       000000
__Ltext3                                           text3        000000
__Ltext30                                          text30       000000
__Ltext31                                          text31       000000
__Ltext32                                          text32       000000
__Ltext33                                          text33       000000
__Ltext34                                          text34       000000
__Ltext35                                          text35       000000
__Ltext36                                          text36       000000
__Ltext37                                          text37       000000
__Ltext38                                          text38       000000
__Ltext39                                          text39       000000
__Ltext4                                           text4        000000
__Ltext40                                          text40       000000
__Ltext41                                          text41       000000
__Ltext42                                          text42       000000
__Ltext43                                          text43       000000
__Ltext5                                           text5        000000
__Ltext6                                           text6        000000
__Ltext7                                           text7        000000
__Ltext8                                           text8        000000
__Ltext9                                           text9        000000
__S0                                               (abs)        003006
__S1                                               (abs)        0000EF
__S4                                               (abs)        000000
__S5                                               (abs)        000000
___awdiv                                           text20       002920
___awdiv@counter                                   cstackCOMRAM 000012
___awdiv@dividend                                  cstackCOMRAM 00000E
___awdiv@divisor                                   cstackCOMRAM 000010
___awdiv@quotient                                  cstackCOMRAM 000014
___awdiv@sign                                      cstackCOMRAM 000013
___awmod                                           text19       002A98
___awmod@counter                                   cstackCOMRAM 000012
___awmod@dividend                                  cstackCOMRAM 00000E
___awmod@divisor                                   cstackCOMRAM 000010
___awmod@sign                                      cstackCOMRAM 000013
___fladd                                           text11       0014F6
___fladd@a                                         cstackCOMRAM 000039
___fladd@aexp                                      cstackCOMRAM 000042
___fladd@b                                         cstackCOMRAM 000035
___fladd@bexp                                      cstackCOMRAM 000043
___fladd@grs                                       cstackCOMRAM 000044
___fladd@signs                                     cstackCOMRAM 000041
___fldiv                                           text10       001DDC
___fldiv@a                                         cstackCOMRAM 000020
___fldiv@aexp                                      cstackCOMRAM 000034
___fldiv@b                                         cstackCOMRAM 00001C
___fldiv@bexp                                      cstackCOMRAM 000033
___fldiv@grs                                       cstackCOMRAM 00002F
___fldiv@new_exp                                   cstackCOMRAM 00002D
___fldiv@rem                                       cstackCOMRAM 000028
___fldiv@sign                                      cstackCOMRAM 00002C
___fltol                                           text9        00273E
___fltol@exp1                                      cstackCOMRAM 000017
___fltol@f1                                        cstackCOMRAM 00000E
___fltol@sign1                                     cstackCOMRAM 000016
___heap_hi                                         (abs)        000000
___heap_lo                                         (abs)        000000
___inthi_sp                                        stack        000000
___intlo_sp                                        stack        000000
___param_bank                                      (abs)        000000
___rparam_used                                     (abs)        000001
___sp                                              stack        000000
___xxtofl                                          text8        002176
___xxtofl@arg                                      cstackCOMRAM 000018
___xxtofl@exp                                      cstackCOMRAM 000017
___xxtofl@sign                                     cstackCOMRAM 000016
___xxtofl@val                                      cstackCOMRAM 00000E
__accesstop                                        (abs)        000080
__activetblptr                                     (abs)        000003
__end_of_ADC_ISR                                   text42       003002
__end_of_CCP1_ISR                                  text41       002FFE
__end_of_CCP2_ISR                                  text40       002FFA
__end_of_EUSART_ASYNC_Init                         text6        002D5E
__end_of_EUSART_ASYNC_RX_Init                      text13       002920
__end_of_EUSART_ASYNC_TX_Init                      text12       002A98
__end_of_EUSART_Baud_Rate_Calculation              text7        0014F6
__end_of_EUSART_RX_ISR                             text39       003006
__end_of_EUSART_TX_ISR                             text36       002F08
__end_of_INT0_ISR                                  text35       002FF6
__end_of_INT1_ISR                                  text34       002FF2
__end_of_INT2_ISR                                  text33       002FEE
__end_of_InterruptManager                          intcode_body 001DDC
__end_of_MSSP_I2C_BC_ISR                           text32       002FEA
__end_of_MSSP_I2C_ISR                              text31       002FE6
__end_of_MSSP_SPI_ISR                              text30       003004
__end_of_RB4_ISR                                   text29       002F94
__end_of_RB5_ISR                                   text28       002F7A
__end_of_RB6_ISR                                   text27       002F60
__end_of_RB7_ISR                                   text26       002F46
__end_of_SegmentsUpdate                            text15       0024CE
__end_of_TMR0_ISR                                  text25       002FDA
__end_of_TMR1_ISR                                  text24       002FCE
__end_of_TMR2_ISR                                  text23       002FE2
__end_of_TMR3_ISR                                  text22       002FC2
__end_of_TimesUpdate                               text14       002DA8
__end_of_USART_Read_string                         text38       002E74
__end_of___awdiv                                   text20       0029E4
__end_of___awmod                                   text19       002B48
__end_of___fladd                                   text11       0019B6
__end_of___fldiv                                   text10       002176
__end_of___fltol                                   text9        002844
__end_of___xxtofl                                  text8        00232A
__end_of__initialization                           cinit        002CA0
__end_of_application_intialize                     text1        002EDA
__end_of_btn_values                                smallconst   001011
__end_of_gpio_pin_direction_intialize              text4        002612
__end_of_gpio_pin_intialize                        text3        002C48
__end_of_gpio_pin_write_logic                      text17       00273E
__end_of_gpio_port_direction_intialize             text5        002DEE
__end_of_gpio_port_write_logic                     text18       002E34
__end_of_main                                      text0        002FA8
__end_of_seven_segement_intialize                  text2        002D0C
__end_of_seven_segement_write_number               text16       002BDC
__end_of_usartTxHandeler                           text37       002F2C
__initialization                                   cinit        002C48
__mediumconst                                      mediumconst  000000
__pbssBANK0                                        bssBANK0     0000B5
__pbssCOMRAM                                       bssCOMRAM    000047
__pcinit                                           cinit        002C48
__pcstackBANK0                                     cstackBANK0  0000E1
__pcstackCOMRAM                                    cstackCOMRAM 000001
__pdataBANK0                                       dataBANK0    000080
__pdataCOMRAM                                      dataCOMRAM   000064
__pidataBANK0                                      idataBANK0   002E74
__pidataCOMRAM                                     idataCOMRAM  002FA8
__pintcode                                         intcode      000008
__pintcode_body                                    intcode_body 0019B6
__pnvBANK0                                         nvBANK0      0000EE
__psmallconst                                      smallconst   001000
__ptext0                                           text0        002F94
__ptext1                                           text1        002EAA
__ptext10                                          text10       001DDC
__ptext11                                          text11       0014F6
__ptext12                                          text12       0029E4
__ptext13                                          text13       002844
__ptext14                                          text14       002D5E
__ptext15                                          text15       00232A
__ptext16                                          text16       002B48
__ptext17                                          text17       002612
__ptext18                                          text18       002DEE
__ptext19                                          text19       002A98
__ptext2                                           text2        002CAA
__ptext20                                          text20       002920
__ptext22                                          text22       002FB6
__ptext23                                          text23       002FDA
__ptext24                                          text24       002FC2
__ptext25                                          text25       002FCE
__ptext26                                          text26       002F2C
__ptext27                                          text27       002F46
__ptext28                                          text28       002F60
__ptext29                                          text29       002F7A
__ptext3                                           text3        002BDC
__ptext30                                          text30       003002
__ptext31                                          text31       002FE2
__ptext32                                          text32       002FE6
__ptext33                                          text33       002FEA
__ptext34                                          text34       002FEE
__ptext35                                          text35       002FF2
__ptext36                                          text36       002EDA
__ptext37                                          text37       002F08
__ptext38                                          text38       002E34
__ptext39                                          text39       003004
__ptext4                                           text4        0024CE
__ptext40                                          text40       002FF6
__ptext41                                          text41       002FFA
__ptext42                                          text42       002FFE
__ptext43                                          text43       000000
__ptext5                                           text5        002DA8
__ptext6                                           text6        002D0C
__ptext7                                           text7        001016
__ptext8                                           text8        002176
__ptext9                                           text9        00273E
__ramtop                                           ramtop       001000
__smallconst                                       smallconst   001000
_application_intialize                             text1        002EAA
_counter                                           bssCOMRAM    00005B
_gpio_pin_direction_intialize                      text4        0024CE
_gpio_pin_intialize                                text3        002BDC
_gpio_pin_write_logic                              text17       002612
_gpio_port_direction_intialize                     text5        002DA8
_gpio_port_write_logic                             text18       002DEE
_hour                                              dataCOMRAM   000066
_keypad_pressed                                    bssCOMRAM    000059
_keypad_val                                        bssCOMRAM    00005A
_lat_registers                                     dataBANK0    00008A
_main                                              text0        002F94
_min                                               dataCOMRAM   000065
_port_registers                                    dataBANK0    000080
_ret                                               nvBANK0      0000EE
_sec                                               dataCOMRAM   000064
_seg                                               dataBANK0    0000B0
_seven_segement_intialize                          text2        002CAA
_seven_segement_write_number                       text16       002B48
_timer0_preload                                    bssCOMRAM    00004D
_timer1_preload                                    bssCOMRAM    00004B
_timer2_preload                                    bssCOMRAM    00005C
_timer3_preload                                    bssCOMRAM    000049
_tris_registers                                    dataBANK0    000094
_usartTxHandeler                                   text37       002F08
_usart_1                                           dataBANK0    00009E
btemp                                              temp         000072
end_of_initialization                              cinit        002CA0
gpio_pin_direction_intialize@_pin_config           cstackCOMRAM 00000E
gpio_pin_direction_intialize@ret                   cstackCOMRAM 000016
gpio_pin_intialize@_pin_config                     cstackCOMRAM 000018
gpio_pin_intialize@ret                             cstackCOMRAM 00001B
gpio_pin_write_logic@_pin_config                   cstackCOMRAM 00000E
gpio_pin_write_logic@logic                         cstackCOMRAM 000010
gpio_pin_write_logic@ret                           cstackCOMRAM 000017
gpio_port_direction_intialize@direction            cstackCOMRAM 00000E
gpio_port_direction_intialize@port                 cstackCOMRAM 000012
gpio_port_direction_intialize@ret                  cstackCOMRAM 000011
gpio_port_write_logic@logic                        cstackCOMRAM 00000E
gpio_port_write_logic@port                         cstackCOMRAM 000012
gpio_port_write_logic@ret                          cstackCOMRAM 000011
int$flags                                          temp         000072
int_func                                           intcode_body 0019B6
intlevel0                                          text         000000
intlevel1                                          text         000000
intlevel2                                          text         000000
intlevel3                                          text         000000
isa$std                                            (abs)        000001
isa$xinst                                          (abs)        000000
led_initialize@F3013                               bssCOMRAM    000063
led_turn_off@F3023                                 bssCOMRAM    000061
led_turn_on@F3018                                  bssCOMRAM    000062
led_turn_toggle@F3028                              bssCOMRAM    000060
relay_initialize@F3007                             bssCOMRAM    00005F
relay_turn_off@F3017                               bssCOMRAM    00005D
relay_turn_on@F3012                                bssCOMRAM    00005E
seven_segement_intialize@ret                       cstackCOMRAM 00001E
seven_segement_intialize@seg                       cstackCOMRAM 00001C
seven_segement_write_number@number                 cstackCOMRAM 00001A
seven_segement_write_number@ret                    cstackCOMRAM 00001B
seven_segement_write_number@seg                    cstackCOMRAM 000018
stackhi                                            (abs)        000000
stacklo                                            (abs)        000000
start                                              init         00000E
start_initialization                               cinit        002C48
ttemp5                                             temp         000073
ttemp6                                             temp         000076
ttemp7                                             temp         00007A
usartTxHandeler@timeRxArray                        cstackCOMRAM 000006
wtemp8                                             temp         000073


MODULE INFORMATION

Module		Function		Class		Link	Load	Size
MCAL_Layer/Timer2/hal_timr2.c
		_TMR2_ISR      		CODE           	2FDA	0000	8

MCAL_Layer/Timer2/hal_timr2.c estimated size: 8

MCAL_Layer/Timer0/hal_timr0.c
		_TMR0_ISR      		CODE           	2FCE	0000	12

MCAL_Layer/Timer0/hal_timr0.c estimated size: 12

C:\Program Files\Microchip\xc8\v2.36\pic\sources\c99\common\sprcdiv.c
		___fldiv       		CODE           	1DDC	0000	922

C:\Program Files\Microchip\xc8\v2.36\pic\sources\c99\common\sprcdiv.c estimated size: 922

C:\Program Files\Microchip\xc8\v2.36\pic\sources\c99\common\awmod.c
		___awmod       		CODE           	2A98	0000	176

C:\Program Files\Microchip\xc8\v2.36\pic\sources\c99\common\awmod.c estimated size: 176

ECU_Layer/7_Segment/ecu_seven_segment.c
		_seven_segement_write_number		CODE           	2B48	0000	148
		_seven_segement_intialize		CODE           	2CAA	0000	98

ECU_Layer/7_Segment/ecu_seven_segment.c estimated size: 246

C:\Program Files\Microchip\xc8\v2.36\pic\sources\c99\common\xxtofl.c
		___xxtofl      		CODE           	2176	0000	436

C:\Program Files\Microchip\xc8\v2.36\pic\sources\c99\common\xxtofl.c estimated size: 436

MCAL_Layer/SPI/hal_spi.c
		_MSSP_SPI_ISR  		CODE           	3002	0000	2

MCAL_Layer/SPI/hal_spi.c estimated size: 2

MCAL_Layer/I2C/hal_i2c.c
		_MSSP_I2C_ISR  		CODE           	2FE2	0000	4
		_MSSP_I2C_BC_ISR		CODE           	2FE6	0000	4

MCAL_Layer/I2C/hal_i2c.c estimated size: 8

C:\Program Files\Microchip\xc8\v2.36\pic\sources\c99\common\sprcadd.c
		___fladd       		CODE           	14F6	0000	1216

C:\Program Files\Microchip\xc8\v2.36\pic\sources\c99\common\sprcadd.c estimated size: 1216

MCAL_Layer/usart/hal_usart.c
		_EUSART_RX_ISR 		CODE           	3004	0000	2
		_EUSART_TX_ISR 		CODE           	2EDA	0000	46
		_USART_Read_string		CODE           	2E34	0000	64
		_EUSART_ASYNC_Init		CODE           	2D0C	0000	82
		_EUSART_ASYNC_RX_Init		CODE           	2844	0000	220
		_EUSART_ASYNC_TX_Init		CODE           	29E4	0000	180
		_EUSART_Baud_Rate_Calculation		CODE           	1016	0000	1248

MCAL_Layer/usart/hal_usart.c estimated size: 1842

C:\Program Files\Microchip\xc8\v2.36\pic\sources\c99\common\awdiv.c
		___awdiv       		CODE           	2920	0000	196

C:\Program Files\Microchip\xc8\v2.36\pic\sources\c99\common\awdiv.c estimated size: 196

MCAL_Layer/Timer3/hal_timr3.c
		_TMR3_ISR      		CODE           	2FB6	0000	12

MCAL_Layer/Timer3/hal_timr3.c estimated size: 12

C:\Program Files\Microchip\xc8\v2.36\pic\sources\c99\common\fltol.c
		___fltol       		CODE           	273E	0000	262

C:\Program Files\Microchip\xc8\v2.36\pic\sources\c99\common\fltol.c estimated size: 262

shared
		_btn_values    		SMALLCONST     	0000	0000	0
		__initialization		CODE           	2C48	0000	88

shared estimated size: 88

MCAL_Layer/Interrupt/mcal_external_interrupt.c
		_RB4_ISR       		CODE           	2F7A	0000	26
		_RB5_ISR       		CODE           	2F60	0000	26
		_RB6_ISR       		CODE           	2F46	0000	26
		_RB7_ISR       		CODE           	2F2C	0000	26
		_INT0_ISR      		CODE           	2FF2	0000	4
		_INT1_ISR      		CODE           	2FEE	0000	4
		_INT2_ISR      		CODE           	2FEA	0000	4

MCAL_Layer/Interrupt/mcal_external_interrupt.c estimated size: 116

MCAL_Layer/ADC/hal_adc.c
		_ADC_ISR       		CODE           	2FFE	0000	4

MCAL_Layer/ADC/hal_adc.c estimated size: 4

MCAL_Layer/Interrupt/mcal_interrupt_manager.c
		_InterruptManager		CODE           	0008	0000	1068

MCAL_Layer/Interrupt/mcal_interrupt_manager.c estimated size: 1068

MCAL_Layer/GPIO/hal_gpio.c
		_gpio_pin_write_logic		CODE           	2612	0000	300
		_gpio_port_direction_intialize		CODE           	2DA8	0000	70
		_gpio_pin_intialize		CODE           	2BDC	0000	108
		_gpio_pin_direction_intialize		CODE           	24CE	0000	324
		_gpio_port_write_logic		CODE           	2DEE	0000	70

MCAL_Layer/GPIO/hal_gpio.c estimated size: 872

MCAL_Layer/Timer1/hal_timr1.c
		_TMR1_ISR      		CODE           	2FC2	0000	12

MCAL_Layer/Timer1/hal_timr1.c estimated size: 12

application.c
		_SegmentsUpdate		CODE           	232A	0000	420
		_main          		CODE           	2F94	0000	20
		_application_intialize		CODE           	2EAA	0000	48
		_TimesUpdate   		CODE           	2D5E	0000	74
		_usartTxHandeler		CODE           	2F08	0000	36

application.c estimated size: 598

MCAL_Layer/CCP/hal_ccp.c
		_CCP1_ISR      		CODE           	2FFA	0000	4
		_CCP2_ISR      		CODE           	2FF6	0000	4

MCAL_Layer/CCP/hal_ccp.c estimated size: 8

