Microchip MPLAB XC8 Compiler V2.36

Linker command line:

-W-3 --edf=C:\Program Files\Microchip\xc8\v2.36\pic\dat\en_msgs.txt -cn \
  -h+dist/default/production\Record_203.production.sym \
  --cmf=dist/default/production\Record_203.production.cmf -z -Q18F4620 \
  -oC:\Users\mohmm\AppData\Local\Temp\xcAsfec.4 --defsym=__MPLAB_BUILD=1 \
  -Mdist/default/production/Record_203.production.map \
  --md=C:\Users\mohmm\AppData\Local\Temp\xcAsfec.dat -E1 -ver=XC8 Compiler \
  --acfsm=1493 -ACODE=00h-0FFFFh -ACONST=00h-0FFFFh \
  -ASMALLCONST=01000h-010FFhx240 -AMEDIUMCONST=01000h-0FFFFh \
  -ACOMRAM=01h-07Fh -AABS1=00h-0F7Fh -ABIGRAM=01h-0F7Fh \
  -ARAM=080h-0FFh,0100h-01FFhx14,0F00h-0F7Fh -ABANK0=080h-0FFh \
  -ABANK1=0100h-01FFh -ABANK2=0200h-02FFh -ABANK3=0300h-03FFh \
  -ABANK4=0400h-04FFh -ABANK5=0500h-05FFh -ABANK6=0600h-06FFh \
  -ABANK7=0700h-07FFh -ABANK8=0800h-08FFh -ABANK9=0900h-09FFh \
  -ABANK10=0A00h-0AFFh -ABANK11=0B00h-0BFFh -ABANK12=0C00h-0CFFh \
  -ABANK13=0D00h-0DFFh -ABANK14=0E00h-0EFFh -ABANK15=0F00h-0F7Fh \
  -ASFR=0F80h-0FFFh -ABIGSFR=0F80h-0FFFh -ACONFIG=0300000h-030000Dh \
  -AIDLOC=0200000h-0200007h -AEEDATA=0F00000h-0F003FFh -peeprom_data=EEDATA \
  -preset_vec=00h,intcode=08h,intcodelo,powerup,init -pramtop=01000h \
  -psmallconst=SMALLCONST -pmediumconst=MEDIUMCONST -pconst=CONST \
  -AFARRAM=00h-00h \
  -prdata=COMRAM,nvrram=COMRAM,nvbit=COMRAM,rbss=COMRAM,rbit=COMRAM \
  -pfarbss=FARRAM,fardata=FARRAM,nvFARRAM=FARRAM \
  -pintsave_regs=BIGRAM,bigbss=BIGRAM,bigdata=BIGRAM -pbss=RAM \
  -pidata=CODE,irdata=CODE,ibigdata=CODE,ifardata=CODE -prparam=COMRAM \
  C:\Users\mohmm\AppData\Local\Temp\xcAsfec.o \
  dist/default/production\Record_203.production.o 

Object code version is 3.11

Machine type is 18F4620



                Name                               Link     Load   Length Selector   Space Scale
C:\Users\mohmm\AppData\Local\Temp\xcAsfec.o
                idloc                            200000   200000        8        0       5
                config                           300000   300000        E        0       4
                init                                  E        E        4        4       0
                reset_vec                             0        0        4        0       0
dist/default/production\Record_203.production.o
                intcode                               8        8        6        4       0
                idloc                            200000   200000        8        0       5
                config                           300000   300000        E        0       4
                temp                                 7D       7D        1        1       1
                smallconst                         1000     1000       7E      800       0
                text52                             374E     374E        4     1B81       0
                text51                             374A     374A        4     1B81       0
                text50                             3746     3746        4     1B81       0
                text49                             3754     3754        2     1B81       0
                text48                             3742     3742        4     1B81       0
                text47                             373E     373E        4     1B81       0
                text46                             373A     373A        4     1B81       0
                text45                             3736     3736        4     1B81       0
                text44                             3732     3732        4     1B81       0
                text43                             372E     372E        4     1B81       0
                text42                             3752     3752        2     1B81       0
                text41                             36D2     36D2       1A      83F       0
                text40                             36B8     36B8       1A      83F       0
                text39                             369E     369E       1A      83F       0
                text38                             3684     3684       1A      83F       0
                text37                             371A     371A        C     1B81       0
                text36                             370E     370E        C     1B81       0
                text35                             3726     3726        8     1B81       0
                text34                             3702     3702        C     1B81       0
                intcode_body                       1A1C     1A1C      406      83F       0
                text32                             25E0     25E0      12C      83F       0
                text31                             35B8     35B8       36      83F       0
                text30                             338A     338A       68      83F       0
                text29                             32AC     32AC       72      83F       0
                text28                             323A     323A       72      83F       0
                text27                             309A     309A       A8      83F       0
                text26                             31C2     31C2       78      83F       0
                text25                             366A     366A       1A      83F       0
                text24                             34A2     34A2       4A      83F       0
                text23                             35EE     35EE       2E      83F       0
                text22                             2FEE     2FEE       AC      83F       0
                text21                             34EC     34EC       48      83F       0
                text20                             2DA6     2DA6       DC      83F       0
                text19                             2F3A     2F3A       B4      83F       0
                text18                             155C     155C      4C0      83F       0
                text17                             1E22     1E22      39A      83F       0
                text16                             2CA0     2CA0      106      83F       0
                text15                             21BC     21BC      1B4      83F       0
                text14                             107E     107E      4DE      83F       0
                text13                             3454     3454       4E      83F       0
                text12                             2370     2370      144      83F       0
                text11                             331E     331E       6C      83F       0
                text10                             3142     3142       80      83F       0
                text9                              270C     270C      128      83F       0
                text8                              361C     361C       2C      83F       0
                text7                              3648     3648       22      83F       0
                text6                              2E82     2E82       B8      83F       0
                text5                              2834     2834      124      83F       0
                text4                              3534     3534       46      83F       0
                text3                              2B88     2B88      118      83F       0
                text2                              2A70     2A70      118      83F       0
                text1                              2958     2958      118      83F       0
                text0                              24B4     24B4      12C      83F       0
                cstackCOMRAM                          1        1       47        1       1
                cstackBANK0                          E6       E6        2       80       1
                dataBANK0                            80       80       3E       80       1
                bssBANK0                             BE       BE       28       80       1
                dataCOMRAM                           67       67       15        1       1
                bssCOMRAM                            48       48       1F        1       1
                cinit                              33F2     33F2       62      83F       0
                nvCOMRAM                             7C       7C        1        1       1
                idataBANK0                         357A     357A       3E      83F       0
                idataCOMRAM                        36EC     36EC       15      83F       0

TOTAL           Name                               Link     Load   Length     Space
        CLASS   CODE           
                intcode                               8        8        6         0
                init                                  E        E        4         0
                reset_vec                             0        0        4         0
                text52                             374E     374E        4         0
                text51                             374A     374A        4         0
                text50                             3746     3746        4         0
                text49                             3754     3754        2         0
                text48                             3742     3742        4         0
                text47                             373E     373E        4         0
                text46                             373A     373A        4         0
                text45                             3736     3736        4         0
                text44                             3732     3732        4         0
                text43                             372E     372E        4         0
                text42                             3752     3752        2         0
                text41                             36D2     36D2       1A         0
                text40                             36B8     36B8       1A         0
                text39                             369E     369E       1A         0
                text38                             3684     3684       1A         0
                text37                             371A     371A        C         0
                text36                             370E     370E        C         0
                text35                             3726     3726        8         0
                text34                             3702     3702        C         0
                intcode_body                       1A1C     1A1C      406         0
                text32                             25E0     25E0      12C         0
                text31                             35B8     35B8       36         0
                text30                             338A     338A       68         0
                text29                             32AC     32AC       72         0
                text28                             323A     323A       72         0
                text27                             309A     309A       A8         0
                text26                             31C2     31C2       78         0
                text25                             366A     366A       1A         0
                text24                             34A2     34A2       4A         0
                text23                             35EE     35EE       2E         0
                text22                             2FEE     2FEE       AC         0
                text21                             34EC     34EC       48         0
                text20                             2DA6     2DA6       DC         0
                text19                             2F3A     2F3A       B4         0
                text18                             155C     155C      4C0         0
                text17                             1E22     1E22      39A         0
                text16                             2CA0     2CA0      106         0
                text15                             21BC     21BC      1B4         0
                text14                             107E     107E      4DE         0
                text13                             3454     3454       4E         0
                text12                             2370     2370      144         0
                text11                             331E     331E       6C         0
                text10                             3142     3142       80         0
                text9                              270C     270C      128         0
                text8                              361C     361C       2C         0
                text7                              3648     3648       22         0
                text6                              2E82     2E82       B8         0
                text5                              2834     2834      124         0
                text4                              3534     3534       46         0
                text3                              2B88     2B88      118         0
                text2                              2A70     2A70      118         0
                text1                              2958     2958      118         0
                text0                              24B4     24B4      12C         0
                cinit                              33F2     33F2       62         0
                idataBANK0                         357A     357A       3E         0
                idataCOMRAM                        36EC     36EC       15         0

        CLASS   CONST          

        CLASS   SMALLCONST     
                smallconst                         1000     1000       7E         0

        CLASS   MEDIUMCONST    

        CLASS   COMRAM         
                temp                                 7D       7D        1         1
                cstackCOMRAM                          1        1       47         1
                dataCOMRAM                           67       67       15         1
                bssCOMRAM                            48       48       1F         1
                nvCOMRAM                             7C       7C        1         1

        CLASS   ABS1           

        CLASS   BIGRAM         

        CLASS   RAM            

        CLASS   BANK0          
                cstackBANK0                          E6       E6        2         1
                dataBANK0                            80       80       3E         1
                bssBANK0                             BE       BE       28         1

        CLASS   BANK1          

        CLASS   BANK2          

        CLASS   BANK3          

        CLASS   BANK4          

        CLASS   BANK5          

        CLASS   BANK6          

        CLASS   BANK7          

        CLASS   BANK8          

        CLASS   BANK9          

        CLASS   BANK10         

        CLASS   BANK11         

        CLASS   BANK12         

        CLASS   BANK13         

        CLASS   BANK14         

        CLASS   BANK15         

        CLASS   SFR            

        CLASS   BIGSFR         

        CLASS   CONFIG         
                config                           300000   300000        E         4

        CLASS   IDLOC          
                idloc                            200000   200000        8         5

        CLASS   EEDATA         

        CLASS   FARRAM         

        CLASS   HEAP           

        CLASS   STACK          



SEGMENTS        Name                           Load    Length   Top    Selector   Space  Class

                reset_vec                      000000  000004  000004         0       0  CODE    
                cstackCOMRAM                   000001  00007D  00007E         1       1  COMRAM  
                intcode                        000008  00000A  000012         4       0  CODE    
                dataBANK0                      000080  000068  0000E8        80       1  BANK0   
                smallconst                     001000  00007E  00107E       800       0  SMALLCON
                text14                         00107E  002683  003701       83F       0  CODE    
                text34                         003702  000054  003756      1B81       0  CODE    


UNUSED ADDRESS RANGES

        Name                Unused          Largest block    Delta
        BANK0            0000E8-0000FF               18
        BANK1            000100-0001FF              100
        BANK10           000A00-000AFF              100
        BANK11           000B00-000BFF              100
        BANK12           000C00-000CFF              100
        BANK13           000D00-000DFF              100
        BANK14           000E00-000EFF              100
        BANK15           000F00-000F7F               80
        BANK2            000200-0002FF              100
        BANK3            000300-0003FF              100
        BANK4            000400-0004FF              100
        BANK5            000500-0005FF              100
        BANK6            000600-0006FF              100
        BANK7            000700-0007FF              100
        BANK8            000800-0008FF              100
        BANK9            000900-0009FF              100
        BIGRAM           00007E-00007F                2
                         0000E8-000F7F              E98
        BIGSFR           000F80-000FFF               80
        CODE             000004-000007                4
                         000012-000FFF              FEE
                         003701-003701                1
                         003756-00FFFF             C8AA
        COMRAM           00007E-00007F                2
        CONST            000004-000007                4
                         000012-000FFF              FEE
                         003701-003701                1
                         003756-00FFFF             C8AA
        EEDATA           F00000-F003FF              400
        MEDIUMCONST      003701-003701                1
                         003756-00FFFF             C8AA
        RAM              0000E8-000F7F              100
        SFR              000F80-000FFF               80
        SMALLCONST       003701-003701                1
                         003756-00FFFF              100

                                  Symbol Table

?___fladd                                          cstackCOMRAM 000029
?___fldiv                                          cstackCOMRAM 000010
?___fltol                                          cstackCOMRAM 000002
?___xxtofl                                         cstackCOMRAM 000002
EUSART_ASYNC_Init@_eusart                          cstackCOMRAM 000045
EUSART_ASYNC_Init@ret                              cstackCOMRAM 000047
EUSART_ASYNC_RX_Init@_eusart                       cstackCOMRAM 000002
EUSART_ASYNC_TX_Init@_eusart                       cstackCOMRAM 000002
EUSART_ASYNC_WriteByteBlocking@_data               cstackCOMRAM 000002
EUSART_ASYNC_WriteStringBlocking@_data             cstackCOMRAM 000003
EUSART_ASYNC_WriteStringBlocking@char_counter      cstackCOMRAM 000008
EUSART_ASYNC_WriteStringBlocking@ret               cstackCOMRAM 000007
EUSART_ASYNC_WriteStringBlocking@str_len           cstackCOMRAM 000005
EUSART_Baud_Rate_Calculation@Baud_Rate_Temp        cstackCOMRAM 00003D
EUSART_Baud_Rate_Calculation@_eusart               cstackCOMRAM 000039
MSSP_SPI_Msster_Mode_GPIO_PIN_Configurations@F3055 dataCOMRAM   000070
MSSP_SPI_Msster_Mode_GPIO_PIN_Configurations@F3057 dataCOMRAM   00006F
MSSP_SPI_Msster_Mode_GPIO_PIN_Configurations@F3059 dataCOMRAM   00006E
MSSP_SPI_Slave_Mode_GPIO_PIN_Configurations@F3064  dataCOMRAM   00006D
MSSP_SPI_Slave_Mode_GPIO_PIN_Configurations@F3066  dataCOMRAM   00006C
MSSP_SPI_Slave_Mode_GPIO_PIN_Configurations@F3068  dataCOMRAM   00006B
MSSP_SPI_Slave_Mode_GPIO_PIN_Configurations@F3070  dataCOMRAM   00006A
RB4_ISR@RB4_Source                                 cstackCOMRAM 000001
RB5_ISR@RB5_Source                                 cstackCOMRAM 000001
RB6_ISR@RB6_Source                                 cstackCOMRAM 000001
RB7_ISR@RB7_Source                                 cstackCOMRAM 000001
_ADCON0bits                                        (abs)        000FC2
_ADCON1bits                                        (abs)        000FC1
_ADCON2bits                                        (abs)        000FC0
_ADC_ISR                                           text52       00374E
_ADC_InterruptHandler                              bssCOMRAM    00005C
_ADRESH                                            (abs)        000FC4
_ADRESL                                            (abs)        000FC3
_BAUDCONbits                                       (abs)        000FB8
_CCP1CONbits                                       (abs)        000FBD
_CCP1_ISR                                          text51       00374A
_CCP1_InterruptHandler                             bssCOMRAM    00005A
_CCP2CONbits                                       (abs)        000FBA
_CCP2_ISR                                          text50       003746
_CCP2_InterruptHandler                             bssCOMRAM    000058
_CCPR1L                                            (abs)        000FBE
_CCPR2L                                            (abs)        000FBB
_EEADR                                             (abs)        000FA9
_EEADRH                                            (abs)        000FAA
_EECON1bits                                        (abs)        000FA6
_EECON2                                            (abs)        000FA7
_EEDATA                                            (abs)        000FA8
_EUSART_ASYNC_Init                                 text13       003454
_EUSART_ASYNC_RX_Init                              text20       002DA6
_EUSART_ASYNC_TX_Init                              text19       002F3A
_EUSART_ASYNC_WriteByteBlocking                    text25       00366A
_EUSART_ASYNC_WriteStringBlocking                  text24       0034A2
_EUSART_Baud_Rate_Calculation                      text14       00107E
_EUSART_Baud_Rate_Calculation$5494                 cstackCOMRAM 000041
_EUSART_FramingErrorHandler                        bssBANK0     0000C6
_EUSART_OverrunErrorHandler                        bssBANK0     0000C4
_EUSART_RX_ISR                                     text49       003754
_EUSART_RxInterruptHandler                         bssBANK0     0000C8
_EUSART_TX_ISR                                     text48       003742
_EUSART_TxInterruptHandler                         bssBANK0     0000CA
_I2C_DefaultInterruptHandle                        bssCOMRAM    000054
_I2C_Report_Receive_Overflow_InterruptHandle       bssBANK0     0000E4
_I2C_Report_Write_Collision_InterruptHandler       bssCOMRAM    000056
_INT0_ISR                                          text47       00373E
_INT0_InterruptHandler                             bssCOMRAM    000052
_INT1_ISR                                          text46       00373A
_INT1_InterruptHandler                             bssCOMRAM    000050
_INT2_ISR                                          text45       003736
_INT2_InterruptHandler                             bssCOMRAM    00004E
_INTCON2bits                                       (abs)        000FF1
_INTCON3bits                                       (abs)        000FF0
_INTCONbits                                        (abs)        000FF2
_InterruptManager                                  intcode      000008
_KeypadPressed                                     dataCOMRAM   00007B
_LATA                                              (abs)        000F89
_LATB                                              (abs)        000F8A
_LATC                                              (abs)        000F8B
_LATD                                              (abs)        000F8C
_LATE                                              (abs)        000F8D
_MSSP_I2C_BC_ISR                                   text44       003732
_MSSP_I2C_ISR                                      text43       00372E
_MSSP_SPI_ISR                                      text42       003752
_PIE1bits                                          (abs)        000F9D
_PIE2bits                                          (abs)        000FA0
_PIR1bits                                          (abs)        000F9E
_PIR2bits                                          (abs)        000FA1
_PORTA                                             (abs)        000F80
_PORTB                                             (abs)        000F81
_PORTBbits                                         (abs)        000F81
_PORTC                                             (abs)        000F82
_PORTD                                             (abs)        000F83
_PORTE                                             (abs)        000F84
_PR2                                               (abs)        000FCB
_RB4_Flag                                          dataCOMRAM   000074
_RB4_ISR                                           text41       0036D2
_RB4_InterruptHandler_HIGH                         bssBANK0     0000E2
_RB4_InterruptHandler_LOW                          bssBANK0     0000E0
_RB5_Flag                                          dataCOMRAM   000073
_RB5_ISR                                           text40       0036B8
_RB5_InterruptHandler_HIGH                         bssBANK0     0000DE
_RB5_InterruptHandler_LOW                          bssBANK0     0000DC
_RB6_Flag                                          dataCOMRAM   000072
_RB6_ISR                                           text39       00369E
_RB6_InterruptHandler_HIGH                         bssBANK0     0000DA
_RB6_InterruptHandler_LOW                          bssBANK0     0000D8
_RB7_Flag                                          dataCOMRAM   000071
_RB7_ISR                                           text38       003684
_RB7_InterruptHandler_HIGH                         bssBANK0     0000D6
_RB7_InterruptHandler_LOW                          bssBANK0     0000D4
_RCREG                                             (abs)        000FAE
_RCSTAbits                                         (abs)        000FAB
_SPBRG                                             (abs)        000FAF
_SPBRGH                                            (abs)        000FB0
_SSPADD                                            (abs)        000FC8
_SSPBUF                                            (abs)        000FC9
_SSPCON1bits                                       (abs)        000FC6
_SSPCON2bits                                       (abs)        000FC5
_SSPSTATbits                                       (abs)        000FC7
_T0CONbits                                         (abs)        000FD5
_T1CONbits                                         (abs)        000FCD
_T2CONbits                                         (abs)        000FCA
_T3CONbits                                         (abs)        000FB1
_TMR0H                                             (abs)        000FD7
_TMR0L                                             (abs)        000FD6
_TMR0_ISR                                          text37       00371A
_TMR0_InterruptHandler                             bssBANK0     0000D2
_TMR1H                                             (abs)        000FCF
_TMR1L                                             (abs)        000FCE
_TMR1_ISR                                          text36       00370E
_TMR1_InterruptHandler                             bssBANK0     0000D0
_TMR2                                              (abs)        000FCC
_TMR2_ISR                                          text35       003726
_TMR2_InterruptHandler                             bssBANK0     0000CE
_TMR3H                                             (abs)        000FB3
_TMR3L                                             (abs)        000FB2
_TMR3_ISR                                          text34       003702
_TMR3_InterruptHandler                             bssBANK0     0000CC
_TRISA                                             (abs)        000F92
_TRISB                                             (abs)        000F93
_TRISC                                             (abs)        000F94
_TRISCbits                                         (abs)        000F94
_TRISD                                             (abs)        000F95
_TRISE                                             (abs)        000F96
_TXREG                                             (abs)        000FAD
_TXSTAbits                                         (abs)        000FAC
_TimeValidation                                    text22       002FEE
_WelcomingMessage                                  text21       0034EC
__HRAM                                             (abs)        000000
__Habs1                                            abs1         000000
__Hbank0                                           bank0        000000
__Hbank1                                           bank1        000000
__Hbank10                                          bank10       000000
__Hbank11                                          bank11       000000
__Hbank12                                          bank12       000000
__Hbank13                                          bank13       000000
__Hbank14                                          bank14       000000
__Hbank15                                          bank15       000000
__Hbank2                                           bank2        000000
__Hbank3                                           bank3        000000
__Hbank4                                           bank4        000000
__Hbank5                                           bank5        000000
__Hbank6                                           bank6        000000
__Hbank7                                           bank7        000000
__Hbank8                                           bank8        000000
__Hbank9                                           bank9        000000
__Hbigbss                                          bigbss       000000
__Hbigdata                                         bigdata      000000
__Hbigram                                          bigram       000000
__Hbigsfr                                          bigsfr       000000
__Hbss                                             bss          000000
__HbssBANK0                                        bssBANK0     000000
__HbssCOMRAM                                       bssCOMRAM    000000
__Hcinit                                           cinit        000000
__Hclrtext                                         clrtext      000000
__Hcomram                                          comram       000000
__Hconfig                                          config       30000E
__Hconst                                           const        000000
__HcstackBANK0                                     cstackBANK0  000000
__HcstackCOMRAM                                    cstackCOMRAM 000000
__Hdata                                            data         000000
__HdataBANK0                                       dataBANK0    000000
__HdataCOMRAM                                      dataCOMRAM   000000
__Heeprom_data                                     eeprom_data  000000
__Hfarbss                                          farbss       000000
__Hfardata                                         fardata      000000
__Hheap                                            heap         000000
__Hibigdata                                        ibigdata     000000
__Hidata                                           idata        000000
__HidataBANK0                                      idataBANK0   000000
__HidataCOMRAM                                     idataCOMRAM  000000
__Hidloc                                           idloc        200008
__Hifardata                                        ifardata     000000
__Hinit                                            init         000012
__Hintcode                                         intcode      00000E
__Hintcode_body                                    intcode_body 000000
__Hintcodelo                                       intcodelo    00000E
__Hintentry                                        intentry     000000
__Hintret                                          intret       000000
__Hintsave_regs                                    intsave_regs 000000
__Hirdata                                          irdata       000000
__Hmediumconst                                     mediumconst  000000
__HnvCOMRAM                                        nvCOMRAM     000000
__HnvFARRAM                                        nvFARRAM     000000
__Hnvbit                                           nvbit        000000
__Hnvrram                                          nvrram       000000
__Hparam                                           rparam       000000
__Hpowerup                                         powerup      00000E
__Hram                                             ram          000000
__Hramtop                                          ramtop       001000
__Hrbit                                            rbit         000000
__Hrbss                                            rbss         000000
__Hrdata                                           rdata        000000
__Hreset_vec                                       reset_vec    000004
__Hrparam                                          rparam       000000
__Hsfr                                             sfr          000000
__Hsmallconst                                      smallconst   00107E
__Hspace_0                                         (abs)        003756
__Hspace_1                                         (abs)        0000E8
__Hspace_2                                         (abs)        000000
__Hspace_4                                         (abs)        60000E
__Hstack                                           stack        000000
__Hstruct                                          struct       000000
__Htemp                                            temp         00007E
__Htext                                            text         000000
__Htext0                                           text0        000000
__Htext1                                           text1        000000
__Htext10                                          text10       000000
__Htext11                                          text11       000000
__Htext12                                          text12       000000
__Htext13                                          text13       000000
__Htext14                                          text14       000000
__Htext15                                          text15       000000
__Htext16                                          text16       000000
__Htext17                                          text17       000000
__Htext18                                          text18       000000
__Htext19                                          text19       000000
__Htext2                                           text2        000000
__Htext20                                          text20       000000
__Htext21                                          text21       000000
__Htext22                                          text22       000000
__Htext23                                          text23       000000
__Htext24                                          text24       000000
__Htext25                                          text25       000000
__Htext26                                          text26       000000
__Htext27                                          text27       000000
__Htext28                                          text28       000000
__Htext29                                          text29       000000
__Htext3                                           text3        000000
__Htext30                                          text30       000000
__Htext31                                          text31       000000
__Htext32                                          text32       000000
__Htext34                                          text34       000000
__Htext35                                          text35       000000
__Htext36                                          text36       000000
__Htext37                                          text37       000000
__Htext38                                          text38       000000
__Htext39                                          text39       000000
__Htext4                                           text4        000000
__Htext40                                          text40       000000
__Htext41                                          text41       000000
__Htext42                                          text42       000000
__Htext43                                          text43       000000
__Htext44                                          text44       000000
__Htext45                                          text45       000000
__Htext46                                          text46       000000
__Htext47                                          text47       000000
__Htext48                                          text48       000000
__Htext49                                          text49       000000
__Htext5                                           text5        000000
__Htext50                                          text50       000000
__Htext51                                          text51       000000
__Htext52                                          text52       000000
__Htext6                                           text6        000000
__Htext7                                           text7        000000
__Htext8                                           text8        000000
__Htext9                                           text9        000000
__LRAM                                             (abs)        000001
__Labs1                                            abs1         000000
__Lbank0                                           bank0        000000
__Lbank1                                           bank1        000000
__Lbank10                                          bank10       000000
__Lbank11                                          bank11       000000
__Lbank12                                          bank12       000000
__Lbank13                                          bank13       000000
__Lbank14                                          bank14       000000
__Lbank15                                          bank15       000000
__Lbank2                                           bank2        000000
__Lbank3                                           bank3        000000
__Lbank4                                           bank4        000000
__Lbank5                                           bank5        000000
__Lbank6                                           bank6        000000
__Lbank7                                           bank7        000000
__Lbank8                                           bank8        000000
__Lbank9                                           bank9        000000
__Lbigbss                                          bigbss       000000
__Lbigdata                                         bigdata      000000
__Lbigram                                          bigram       000000
__Lbigsfr                                          bigsfr       000000
__Lbss                                             bss          000000
__LbssBANK0                                        bssBANK0     000000
__LbssCOMRAM                                       bssCOMRAM    000000
__Lcinit                                           cinit        000000
__Lclrtext                                         clrtext      000000
__Lcomram                                          comram       000000
__Lconfig                                          config       000000
__Lconst                                           const        000000
__LcstackBANK0                                     cstackBANK0  000000
__LcstackCOMRAM                                    cstackCOMRAM 000000
__Ldata                                            data         000000
__LdataBANK0                                       dataBANK0    000000
__LdataCOMRAM                                      dataCOMRAM   000000
__Leeprom_data                                     eeprom_data  000000
__Lfarbss                                          farbss       000000
__Lfardata                                         fardata      000000
__Lheap                                            heap         000000
__Libigdata                                        ibigdata     000000
__Lidata                                           idata        000000
__LidataBANK0                                      idataBANK0   000000
__LidataCOMRAM                                     idataCOMRAM  000000
__Lidloc                                           idloc        000000
__Lifardata                                        ifardata     000000
__Linit                                            init         00000E
__Lintcode                                         intcode      000008
__Lintcode_body                                    intcode_body 000000
__Lintcodelo                                       intcodelo    00000E
__Lintentry                                        intentry     000000
__Lintret                                          intret       000000
__Lintsave_regs                                    intsave_regs 000000
__Lirdata                                          irdata       000000
__Lmediumconst                                     mediumconst  000000
__LnvCOMRAM                                        nvCOMRAM     000000
__LnvFARRAM                                        nvFARRAM     000000
__Lnvbit                                           nvbit        000000
__Lnvrram                                          nvrram       000000
__Lparam                                           rparam       000000
__Lpowerup                                         powerup      00000E
__Lram                                             ram          000000
__Lramtop                                          ramtop       001000
__Lrbit                                            rbit         000000
__Lrbss                                            rbss         000000
__Lrdata                                           rdata        000000
__Lreset_vec                                       reset_vec    000000
__Lrparam                                          rparam       000000
__Lsfr                                             sfr          000000
__Lsmallconst                                      smallconst   001000
__Lspace_0                                         (abs)        000000
__Lspace_1                                         (abs)        000000
__Lspace_2                                         (abs)        000000
__Lspace_4                                         (abs)        000000
__Lstack                                           stack        000000
__Lstruct                                          struct       000000
__Ltemp                                            temp         00007D
__Ltext                                            text         000000
__Ltext0                                           text0        000000
__Ltext1                                           text1        000000
__Ltext10                                          text10       000000
__Ltext11                                          text11       000000
__Ltext12                                          text12       000000
__Ltext13                                          text13       000000
__Ltext14                                          text14       000000
__Ltext15                                          text15       000000
__Ltext16                                          text16       000000
__Ltext17                                          text17       000000
__Ltext18                                          text18       000000
__Ltext19                                          text19       000000
__Ltext2                                           text2        000000
__Ltext20                                          text20       000000
__Ltext21                                          text21       000000
__Ltext22                                          text22       000000
__Ltext23                                          text23       000000
__Ltext24                                          text24       000000
__Ltext25                                          text25       000000
__Ltext26                                          text26       000000
__Ltext27                                          text27       000000
__Ltext28                                          text28       000000
__Ltext29                                          text29       000000
__Ltext3                                           text3        000000
__Ltext30                                          text30       000000
__Ltext31                                          text31       000000
__Ltext32                                          text32       000000
__Ltext34                                          text34       000000
__Ltext35                                          text35       000000
__Ltext36                                          text36       000000
__Ltext37                                          text37       000000
__Ltext38                                          text38       000000
__Ltext39                                          text39       000000
__Ltext4                                           text4        000000
__Ltext40                                          text40       000000
__Ltext41                                          text41       000000
__Ltext42                                          text42       000000
__Ltext43                                          text43       000000
__Ltext44                                          text44       000000
__Ltext45                                          text45       000000
__Ltext46                                          text46       000000
__Ltext47                                          text47       000000
__Ltext48                                          text48       000000
__Ltext49                                          text49       000000
__Ltext5                                           text5        000000
__Ltext50                                          text50       000000
__Ltext51                                          text51       000000
__Ltext52                                          text52       000000
__Ltext6                                           text6        000000
__Ltext7                                           text7        000000
__Ltext8                                           text8        000000
__Ltext9                                           text9        000000
__S0                                               (abs)        003756
__S1                                               (abs)        0000E8
__S4                                               (abs)        000000
__S5                                               (abs)        000000
___fladd                                           text18       00155C
___fladd@a                                         cstackCOMRAM 00002D
___fladd@aexp                                      cstackCOMRAM 000036
___fladd@b                                         cstackCOMRAM 000029
___fladd@bexp                                      cstackCOMRAM 000037
___fladd@grs                                       cstackCOMRAM 000038
___fladd@signs                                     cstackCOMRAM 000035
___fldiv                                           text17       001E22
___fldiv@a                                         cstackCOMRAM 000014
___fldiv@aexp                                      cstackCOMRAM 000028
___fldiv@b                                         cstackCOMRAM 000010
___fldiv@bexp                                      cstackCOMRAM 000027
___fldiv@grs                                       cstackCOMRAM 000023
___fldiv@new_exp                                   cstackCOMRAM 000021
___fldiv@rem                                       cstackCOMRAM 00001C
___fldiv@sign                                      cstackCOMRAM 000020
___fltol                                           text16       002CA0
___fltol@exp1                                      cstackCOMRAM 00000B
___fltol@f1                                        cstackCOMRAM 000002
___fltol@sign1                                     cstackCOMRAM 00000A
___heap_hi                                         (abs)        000000
___heap_lo                                         (abs)        000000
___inthi_sp                                        stack        000000
___intlo_sp                                        stack        000000
___param_bank                                      (abs)        000000
___rparam_used                                     (abs)        000001
___sp                                              stack        000000
___xxtofl                                          text15       0021BC
___xxtofl@arg                                      cstackCOMRAM 00000C
___xxtofl@exp                                      cstackCOMRAM 00000B
___xxtofl@sign                                     cstackCOMRAM 00000A
___xxtofl@val                                      cstackCOMRAM 000002
__accesstop                                        (abs)        000080
__activetblptr                                     (abs)        000003
__end_of_ADC_ISR                                   text52       003752
__end_of_CCP1_ISR                                  text51       00374E
__end_of_CCP2_ISR                                  text50       00374A
__end_of_EUSART_ASYNC_Init                         text13       0034A2
__end_of_EUSART_ASYNC_RX_Init                      text20       002E82
__end_of_EUSART_ASYNC_TX_Init                      text19       002FEE
__end_of_EUSART_ASYNC_WriteByteBlocking            text25       003684
__end_of_EUSART_ASYNC_WriteStringBlocking          text24       0034EC
__end_of_EUSART_Baud_Rate_Calculation              text14       00155C
__end_of_EUSART_RX_ISR                             text49       003756
__end_of_EUSART_TX_ISR                             text48       003746
__end_of_INT0_ISR                                  text47       003742
__end_of_INT1_ISR                                  text46       00373E
__end_of_INT2_ISR                                  text45       00373A
__end_of_InterruptManager                          intcode_body 001E22
__end_of_MSSP_I2C_BC_ISR                           text44       003736
__end_of_MSSP_I2C_ISR                              text43       003732
__end_of_MSSP_SPI_ISR                              text42       003754
__end_of_RB4_ISR                                   text41       0036EC
__end_of_RB5_ISR                                   text40       0036D2
__end_of_RB6_ISR                                   text39       0036B8
__end_of_RB7_ISR                                   text38       00369E
__end_of_TMR0_ISR                                  text37       003726
__end_of_TMR1_ISR                                  text36       00371A
__end_of_TMR2_ISR                                  text35       00372E
__end_of_TMR3_ISR                                  text34       00370E
__end_of_TimeValidation                            text22       00309A
__end_of_WelcomingMessage                          text21       003534
__end_of___fladd                                   text18       001A1C
__end_of___fldiv                                   text17       0021BC
__end_of___fltol                                   text16       002DA6
__end_of___xxtofl                                  text15       002370
__end_of__initialization                           cinit        00344A
__end_of_application_intialize                     text8        003648
__end_of_btn_values                                smallconst   001011
__end_of_calcTime                                  text7        00366A
__end_of_getHoures                                 text3        002CA0
__end_of_getMinutes                                text2        002B88
__end_of_getSeconds                                text1        002A70
__end_of_gpio_pin_direction_intialize              text12       0024B4
__end_of_gpio_pin_intialize                        text11       00338A
__end_of_gpio_pin_read_logic                       text6        002F3A
__end_of_gpio_pin_write_logic                      text32       00270C
__end_of_keypad_get_value                          text5        002958
__end_of_keypad_initialize                         text10       0031C2
__end_of_lcd_4bit_intialize                        text9        002834
__end_of_lcd_4bit_send_char_data                   text29       00331E
__end_of_lcd_4bit_send_char_data_pos               text4        00357A
__end_of_lcd_4bit_send_command                     text28       0032AC
__end_of_lcd_4bit_send_enable_signal               text31       0035EE
__end_of_lcd_4bit_send_string_pos                  text26       00323A
__end_of_lcd_4bit_set_cursor                       text27       003142
__end_of_lcd_send_4bits                            text30       0033F2
__end_of_main                                      text0        0025E0
__end_of_usartSend                                 text23       00361C
__initialization                                   cinit        0033F2
__mediumconst                                      mediumconst  000000
__pbssBANK0                                        bssBANK0     0000BE
__pbssCOMRAM                                       bssCOMRAM    000048
__pcinit                                           cinit        0033F2
__pcstackBANK0                                     cstackBANK0  0000E6
__pcstackCOMRAM                                    cstackCOMRAM 000001
__pdataBANK0                                       dataBANK0    000080
__pdataCOMRAM                                      dataCOMRAM   000067
__pidataBANK0                                      idataBANK0   00357A
__pidataCOMRAM                                     idataCOMRAM  0036EC
__pintcode                                         intcode      000008
__pintcode_body                                    intcode_body 001A1C
__pnvCOMRAM                                        nvCOMRAM     00007C
__psmallconst                                      smallconst   001000
__ptext0                                           text0        0024B4
__ptext1                                           text1        002958
__ptext10                                          text10       003142
__ptext11                                          text11       00331E
__ptext12                                          text12       002370
__ptext13                                          text13       003454
__ptext14                                          text14       00107E
__ptext15                                          text15       0021BC
__ptext16                                          text16       002CA0
__ptext17                                          text17       001E22
__ptext18                                          text18       00155C
__ptext19                                          text19       002F3A
__ptext2                                           text2        002A70
__ptext20                                          text20       002DA6
__ptext21                                          text21       0034EC
__ptext22                                          text22       002FEE
__ptext23                                          text23       0035EE
__ptext24                                          text24       0034A2
__ptext25                                          text25       00366A
__ptext26                                          text26       0031C2
__ptext27                                          text27       00309A
__ptext28                                          text28       00323A
__ptext29                                          text29       0032AC
__ptext3                                           text3        002B88
__ptext30                                          text30       00338A
__ptext31                                          text31       0035B8
__ptext32                                          text32       0025E0
__ptext34                                          text34       003702
__ptext35                                          text35       003726
__ptext36                                          text36       00370E
__ptext37                                          text37       00371A
__ptext38                                          text38       003684
__ptext39                                          text39       00369E
__ptext4                                           text4        003534
__ptext40                                          text40       0036B8
__ptext41                                          text41       0036D2
__ptext42                                          text42       003752
__ptext43                                          text43       00372E
__ptext44                                          text44       003732
__ptext45                                          text45       003736
__ptext46                                          text46       00373A
__ptext47                                          text47       00373E
__ptext48                                          text48       003742
__ptext49                                          text49       003754
__ptext5                                           text5        002834
__ptext50                                          text50       003746
__ptext51                                          text51       00374A
__ptext52                                          text52       00374E
__ptext6                                           text6        002E82
__ptext7                                           text7        003648
__ptext8                                           text8        00361C
__ptext9                                           text9        00270C
__ramtop                                           ramtop       001000
__smallconst                                       smallconst   001000
_application_intialize                             text8        00361C
_btn_values                                        smallconst   001001
_calcTime                                          text7        003648
_getHoures                                         text3        002B88
_getMinutes                                        text2        002A70
_getSeconds                                        text1        002958
_gpio_pin_direction_intialize                      text12       002370
_gpio_pin_intialize                                text11       00331E
_gpio_pin_read_logic                               text6        002E82
_gpio_pin_write_logic                              text32       0025E0
_hour                                              dataCOMRAM   000069
_keypad_1                                          dataBANK0    0000B6
_keypad_get_value                                  text5        002834
_keypad_initialize                                 text10       003142
_lat_registers                                     dataBANK0    00008A
_lcd_1                                             dataCOMRAM   000075
_lcd_4bit_intialize                                text9        00270C
_lcd_4bit_send_char_data                           text29       0032AC
_lcd_4bit_send_char_data_pos                       text4        003534
_lcd_4bit_send_command                             text28       00323A
_lcd_4bit_send_enable_signal                       text31       0035B8
_lcd_4bit_send_string_pos                          text26       0031C2
_lcd_4bit_set_cursor                               text27       00309A
_lcd_send_4bits                                    text30       00338A
_main                                              text0        0024B4
_min                                               dataCOMRAM   000068
_port_registers                                    dataBANK0    000080
_pressFlag                                         bssCOMRAM    00005E
_ret                                               nvCOMRAM     00007C
_sec                                               dataCOMRAM   000067
_time                                              dataBANK0    00009E
_timer0_preload                                    bssCOMRAM    00004C
_timer1_preload                                    bssCOMRAM    00004A
_timer2_preload                                    bssCOMRAM    00005F
_timer3_preload                                    bssCOMRAM    000048
_tris_registers                                    dataBANK0    000094
_usartSend                                         text23       0035EE
_usart_1                                           dataBANK0    0000A4
btemp                                              temp         00007D
end_of_initialization                              cinit        00344A
gpio_pin_direction_intialize@_pin_config           cstackCOMRAM 000002
gpio_pin_direction_intialize@ret                   cstackCOMRAM 00000A
gpio_pin_intialize@_pin_config                     cstackCOMRAM 00000C
gpio_pin_intialize@ret                             cstackCOMRAM 00000F
gpio_pin_read_logic@_pin_config                    cstackCOMRAM 000002
gpio_pin_read_logic@logic                          cstackCOMRAM 000004
gpio_pin_read_logic@ret                            cstackCOMRAM 00000B
gpio_pin_write_logic@_pin_config                   cstackCOMRAM 000002
gpio_pin_write_logic@logic                         cstackCOMRAM 000004
gpio_pin_write_logic@ret                           cstackCOMRAM 00000B
int$flags                                          temp         00007D
int_func                                           intcode_body 001A1C
intlevel0                                          text         000000
intlevel1                                          text         000000
intlevel2                                          text         000000
intlevel3                                          text         000000
isa$std                                            (abs)        000001
isa$xinst                                          (abs)        000000
keypad_get_value@_keypad_obj                       cstackCOMRAM 00000C
keypad_get_value@column_logic                      cstackCOMRAM 000013
keypad_get_value@l_columns_counter                 cstackCOMRAM 000016
keypad_get_value@l_counter                         cstackCOMRAM 000014
keypad_get_value@l_rows_counter                    cstackCOMRAM 000015
keypad_get_value@ret                               cstackCOMRAM 000012
keypad_get_value@value                             cstackCOMRAM 00000E
keypad_initialize@_keypad_obj                      cstackCOMRAM 000010
keypad_initialize@columns_counter                  cstackCOMRAM 000016
keypad_initialize@ret                              cstackCOMRAM 000014
keypad_initialize@rows_counter                     cstackCOMRAM 000015
lcd_4bit_intialize@l_data_pins_counter             cstackCOMRAM 000018
lcd_4bit_intialize@lcd                             cstackCOMRAM 000014
lcd_4bit_intialize@ret                             cstackCOMRAM 000019
lcd_4bit_send_char_data@data                       cstackCOMRAM 000012
lcd_4bit_send_char_data@lcd                        cstackCOMRAM 000010
lcd_4bit_send_char_data@ret                        cstackCOMRAM 000013
lcd_4bit_send_char_data_pos@column                 cstackCOMRAM 00001E
lcd_4bit_send_char_data_pos@data                   cstackCOMRAM 00001F
lcd_4bit_send_char_data_pos@lcd                    cstackCOMRAM 00001B
lcd_4bit_send_char_data_pos@ret                    cstackCOMRAM 000020
lcd_4bit_send_char_data_pos@row                    cstackCOMRAM 00001D
lcd_4bit_send_command@command                      cstackCOMRAM 000012
lcd_4bit_send_command@lcd                          cstackCOMRAM 000010
lcd_4bit_send_command@ret                          cstackCOMRAM 000013
lcd_4bit_send_enable_signal@lcd                    cstackCOMRAM 00000C
lcd_4bit_send_enable_signal@ret                    cstackCOMRAM 00000E
lcd_4bit_send_string_pos@column                    cstackCOMRAM 00001E
lcd_4bit_send_string_pos@lcd                       cstackCOMRAM 00001B
lcd_4bit_send_string_pos@ret                       cstackCOMRAM 000021
lcd_4bit_send_string_pos@row                       cstackCOMRAM 00001D
lcd_4bit_send_string_pos@str                       cstackCOMRAM 00001F
lcd_4bit_set_cursor@coulmn                         cstackCOMRAM 000017
lcd_4bit_set_cursor@lcd                            cstackCOMRAM 000014
lcd_4bit_set_cursor@ret                            cstackCOMRAM 00001A
lcd_4bit_set_cursor@row                            cstackCOMRAM 000016
lcd_send_4bits@_data_command                       cstackCOMRAM 00000E
lcd_send_4bits@lcd                                 cstackCOMRAM 00000C
lcd_send_4bits@ret                                 cstackCOMRAM 00000F
led_initialize@F3013                               bssCOMRAM    000066
led_turn_off@F3023                                 bssCOMRAM    000064
led_turn_on@F3018                                  bssCOMRAM    000065
led_turn_toggle@F3028                              bssCOMRAM    000063
relay_initialize@F3007                             bssCOMRAM    000062
relay_turn_off@F3017                               bssCOMRAM    000060
relay_turn_on@F3012                                bssCOMRAM    000061
stackhi                                            (abs)        000000
stacklo                                            (abs)        000000
start                                              init         00000E
start_initialization                               cinit        0033F2
ttemp5                                             temp         00007E
ttemp6                                             temp         000081
ttemp7                                             temp         000085
usartSend@arrayTime                                cstackCOMRAM 00000A
wtemp8                                             temp         00007E


MODULE INFORMATION

Module		Function		Class		Link	Load	Size
MCAL_Layer/Timer2/hal_timr2.c
		_TMR2_ISR      		CODE           	3726	0000	8

MCAL_Layer/Timer2/hal_timr2.c estimated size: 8

MCAL_Layer/Timer0/hal_timr0.c
		_TMR0_ISR      		CODE           	371A	0000	12

MCAL_Layer/Timer0/hal_timr0.c estimated size: 12

ECU_Layer/KeyPad/ecu_keypad.c
		_keypad_get_value		CODE           	2834	0000	292
		_keypad_initialize		CODE           	3142	0000	128

ECU_Layer/KeyPad/ecu_keypad.c estimated size: 420

C:\Program Files\Microchip\xc8\v2.36\pic\sources\c99\common\sprcdiv.c
		___fldiv       		CODE           	1E22	0000	922

C:\Program Files\Microchip\xc8\v2.36\pic\sources\c99\common\sprcdiv.c estimated size: 922

C:\Program Files\Microchip\xc8\v2.36\pic\sources\c99\common\xxtofl.c
		___xxtofl      		CODE           	21BC	0000	436

C:\Program Files\Microchip\xc8\v2.36\pic\sources\c99\common\xxtofl.c estimated size: 436

MCAL_Layer/SPI/hal_spi.c
		_MSSP_SPI_ISR  		CODE           	3752	0000	2

MCAL_Layer/SPI/hal_spi.c estimated size: 2

ECU_Layer/Chr_LCD/ecu_chr_lcd.c
		_lcd_4bit_send_command		CODE           	323A	0000	114
		_lcd_4bit_send_string_pos		CODE           	31C2	0000	120
		_lcd_4bit_send_char_data		CODE           	32AC	0000	114
		_lcd_send_4bits		CODE           	338A	0000	104
		_lcd_4bit_intialize		CODE           	270C	0000	296
		_lcd_4bit_send_char_data_pos		CODE           	3534	0000	70
		_lcd_4bit_set_cursor		CODE           	309A	0000	168
		_lcd_4bit_send_enable_signal		CODE           	35B8	0000	54

ECU_Layer/Chr_LCD/ecu_chr_lcd.c estimated size: 1040

MCAL_Layer/I2C/hal_i2c.c
		_MSSP_I2C_ISR  		CODE           	372E	0000	4
		_MSSP_I2C_BC_ISR		CODE           	3732	0000	4

MCAL_Layer/I2C/hal_i2c.c estimated size: 8

C:\Program Files\Microchip\xc8\v2.36\pic\sources\c99\common\sprcadd.c
		___fladd       		CODE           	155C	0000	1216

C:\Program Files\Microchip\xc8\v2.36\pic\sources\c99\common\sprcadd.c estimated size: 1216

MCAL_Layer/usart/hal_usart.c
		_EUSART_RX_ISR 		CODE           	3754	0000	2
		_EUSART_TX_ISR 		CODE           	3742	0000	4
		_EUSART_ASYNC_WriteByteBlocking		CODE           	366A	0000	26
		_EUSART_ASYNC_Init		CODE           	3454	0000	78
		_EUSART_ASYNC_WriteStringBlocking		CODE           	34A2	0000	74
		_EUSART_ASYNC_RX_Init		CODE           	2DA6	0000	220
		_EUSART_ASYNC_TX_Init		CODE           	2F3A	0000	180
		_EUSART_Baud_Rate_Calculation		CODE           	107E	0000	1246

MCAL_Layer/usart/hal_usart.c estimated size: 1830

MCAL_Layer/Timer3/hal_timr3.c
		_TMR3_ISR      		CODE           	3702	0000	12

MCAL_Layer/Timer3/hal_timr3.c estimated size: 12

C:\Program Files\Microchip\xc8\v2.36\pic\sources\c99\common\fltol.c
		___fltol       		CODE           	2CA0	0000	262

C:\Program Files\Microchip\xc8\v2.36\pic\sources\c99\common\fltol.c estimated size: 262

shared
		_btn_values    		SMALLCONST     	1001	0000	16
		__initialization		CODE           	33F2	0000	88

shared estimated size: 104

MCAL_Layer/Interrupt/mcal_external_interrupt.c
		_RB4_ISR       		CODE           	36D2	0000	26
		_RB5_ISR       		CODE           	36B8	0000	26
		_RB6_ISR       		CODE           	369E	0000	26
		_RB7_ISR       		CODE           	3684	0000	26
		_INT0_ISR      		CODE           	373E	0000	4
		_INT1_ISR      		CODE           	373A	0000	4
		_INT2_ISR      		CODE           	3736	0000	4

MCAL_Layer/Interrupt/mcal_external_interrupt.c estimated size: 116

MCAL_Layer/ADC/hal_adc.c
		_ADC_ISR       		CODE           	374E	0000	4

MCAL_Layer/ADC/hal_adc.c estimated size: 4

MCAL_Layer/Interrupt/mcal_interrupt_manager.c
		_InterruptManager		CODE           	0008	0000	1036

MCAL_Layer/Interrupt/mcal_interrupt_manager.c estimated size: 1036

MCAL_Layer/GPIO/hal_gpio.c
		_gpio_pin_write_logic		CODE           	25E0	0000	300
		_gpio_pin_intialize		CODE           	331E	0000	108
		_gpio_pin_read_logic		CODE           	2E82	0000	184
		_gpio_pin_direction_intialize		CODE           	2370	0000	324

MCAL_Layer/GPIO/hal_gpio.c estimated size: 916

MCAL_Layer/Timer1/hal_timr1.c
		_TMR1_ISR      		CODE           	370E	0000	12

MCAL_Layer/Timer1/hal_timr1.c estimated size: 12

application.c
		_WelcomingMessage		CODE           	34EC	0000	72
		_getSeconds    		CODE           	2958	0000	280
		_main          		CODE           	24B4	0000	300
		_getHoures     		CODE           	2B88	0000	280
		_TimeValidation		CODE           	2FEE	0000	172
		_getMinutes    		CODE           	2A70	0000	280
		_application_intialize		CODE           	361C	0000	44
		_usartSend     		CODE           	35EE	0000	46
		_calcTime      		CODE           	3648	0000	34

application.c estimated size: 1508

MCAL_Layer/CCP/hal_ccp.c
		_CCP1_ISR      		CODE           	374A	0000	4
		_CCP2_ISR      		CODE           	3746	0000	4

MCAL_Layer/CCP/hal_ccp.c estimated size: 8

